****************************************
Report : qor
Design : alu_rca
Version: U-2022.12-SP3
Date   : Wed Jun 10 18:56:49 2026
****************************************

  Timing Path Group '**async_default**' (max_delay/setup)
  ---------------------------------------------
  Levels of Logic:                            0
  Critical Path Length:                    1.00
  Critical Path Slack:                     7.09
  Total Negative Slack:                    0.00
  No. of Violating Paths:                     0
  ---------------------------------------------

  Timing Path Group 'ideal_clock1' (max_delay/setup)
  ---------------------------------------------
  Levels of Logic:                           39
  Critical Path Length:                    5.17
  Critical Path Slack:                     2.77
  Total Negative Slack:                    0.00
  No. of Violating Paths:                     0
  ---------------------------------------------

  Timing Path Group '**async_default**' (min_delay/hold)
  ---------------------------------------------
  Levels of Logic:                            0
  Critical Path Length:                    1.00
  Critical Path Slack:                     0.89
  Total Negative Slack:                    0.00
  No. of Violating Paths:                     0
  ---------------------------------------------

  Timing Path Group 'ideal_clock1' (min_delay/hold)
  ---------------------------------------------
  Levels of Logic:                            1
  Critical Path Length:                    1.07
  Critical Path Slack:                     1.08
  Total Negative Slack:                    0.00
  No. of Violating Paths:                     0
  ---------------------------------------------

  Area
  ---------------------------------------------
  Net Interconnect area:                 115.82
  Total cell area:                       623.67
  Design Area:                           739.49
  Area Cost:                            -739.49
  ---------------------------------------------


  Cell & Pin Count
  ---------------------------------------------
  Pin Count:                                731
  Hierarchical Cell Count:                   21
  Hierarchical Port Count:                  186
  Leaf Cell Count:                          186
  ---------------------------------------------


  Design Rule Violations
  ---------------------------------------------
  Total No. of Pins in Design:              731
  max_capacitance Count:                      2
  max_capacitance Cost:                    2.62
  Total DRC Cost:                          2.62
  ---------------------------------------------

1
