****************************************
Report : qor
Design : alu_rca
Version: U-2022.12-SP3
Date   : Wed Jun 10 19:06:44 2026
****************************************

  Timing Path Group '**async_default**' (max_delay/setup)
  ---------------------------------------------
  Levels of Logic:                            0
  Critical Path Length:                    1.00
  Critical Path Slack:                     4.09
  Total Negative Slack:                    0.00
  No. of Violating Paths:                     0
  ---------------------------------------------

  Timing Path Group 'ideal_clock1' (max_delay/setup)
  ---------------------------------------------
  Levels of Logic:                           38
  Critical Path Length:                    4.93
  Critical Path Slack:                     0.01
  Total Negative Slack:                    0.00
  No. of Violating Paths:                     0
  ---------------------------------------------

  Timing Path Group '**async_default**' (min_delay/hold)
  ---------------------------------------------
  Levels of Logic:                            0
  Critical Path Length:                    1.00
  Critical Path Slack:                     0.89
  Total Negative Slack:                    0.00
  No. of Violating Paths:                     0
  ---------------------------------------------

  Timing Path Group 'ideal_clock1' (min_delay/hold)
  ---------------------------------------------
  Levels of Logic:                            1
  Critical Path Length:                    1.07
  Critical Path Slack:                     1.08
  Total Negative Slack:                    0.00
  No. of Violating Paths:                     0
  ---------------------------------------------

  Area
  ---------------------------------------------
  Net Interconnect area:                 116.51
  Total cell area:                       627.74
  Design Area:                           744.24
  Area Cost:                            -744.24
  ---------------------------------------------


  Cell & Pin Count
  ---------------------------------------------
  Pin Count:                                737
  Hierarchical Cell Count:                   21
  Hierarchical Port Count:                  186
  Leaf Cell Count:                          187
  ---------------------------------------------


  Design Rule Violations
  ---------------------------------------------
  Total No. of Pins in Design:              737
  max_capacitance Count:                      2
  max_capacitance Cost:                    1.56
  Total DRC Cost:                          1.56
  ---------------------------------------------

1
